png_sRGB_table
png_sRGB_base
png_sRGB_delta
png_zstream_error
png_free_buffer_list
png_fixed
png_fixed_ITU
png_user_version_check
png_malloc_base
png_malloc_array
png_realloc_array
png_create_png_struct
png_destroy_png_struct
png_free_jmpbuf
png_zalloc
png_zfree
png_default_read_data
png_push_fill_buffer
png_default_write_data
png_default_flush
png_reset_crc
png_write_data
png_read_sig
png_read_chunk_header
png_read_data
png_crc_read
png_crc_finish
png_calculate_crc
png_flush
png_write_IHDR
png_write_PLTE
png_compress_IDAT
png_write_IEND
png_write_gAMA_fixed
png_write_sBIT
png_write_cHRM_fixed
png_write_cICP
png_write_cLLI_fixed
png_write_mDCV_fixed
png_write_sRGB
png_write_eXIf
png_write_iCCP
png_write_sPLT
png_write_tRNS
png_write_bKGD
png_write_hIST
png_write_tEXt
png_write_zTXt
png_write_iTXt
png_set_text_2
png_write_oFFs
png_write_pCAL
png_write_pHYs
png_write_tIME
png_write_sCAL_s
png_write_finish_row
png_write_start_row
png_combine_row
png_do_read_interlace
png_do_write_interlace
png_read_filter_row
png_target_init
png_target_free_data
png_target_init_filter_functions
png_target_do_expand_palette
png_write_find_filter
png_read_IDAT_data
png_read_finish_IDAT
png_read_finish_row
png_read_start_row
png_zlib_inflate
png_read_transform_info
png_do_strip_channel
png_do_swap
png_do_packswap
png_do_invert
png_do_bgr
png_handle_unknown
png_handle_chunk
png_chunk_unknown_handling
png_do_read_transformations
png_do_write_transformations
png_init_read_transformations
png_push_read_chunk
png_push_read_sig
png_push_check_crc
png_push_save_buffer
png_push_restore_buffer
png_push_read_IDAT
png_process_IDAT_data
png_push_process_row
png_push_have_info
png_push_have_end
png_push_have_row
png_push_read_end
png_process_some_data
png_read_push_finish_row
png_ensure_fcTL_is_valid
png_handle_acTL
png_handle_fcTL
png_handle_fdAT
png_have_info
png_ensure_sequence_number
png_read_reset
png_read_reinit
png_progressive_read_reset
png_write_acTL
png_write_fcTL
png_write_fdAT
png_write_reset
png_write_reinit
png_icc_check_length
png_icc_check_header
png_icc_check_tag_table
png_set_rgb_coefficients
png_check_IHDR
png_do_check_palette_indexes
png_fixed_error
png_safecat
png_format_number
png_warning_parameter
png_warning_parameter_unsigned
png_warning_parameter_signed
png_formatted_warning
png_app_warning
png_app_error
png_chunk_report
png_ascii_from_fp
png_ascii_from_fixed
png_check_fp_number
png_check_fp_string
png_muldiv
png_reciprocal
png_reciprocal2
png_gamma_significant
png_resolve_file_gamma
png_gamma_correct
png_gamma_16bit_correct
png_gamma_8bit_correct
png_destroy_gamma_table
png_build_gamma_table
png_set_rgb_coefficients
png_XYZ_from_xy
png_xy_from_XYZ
png_safe_error
png_safe_warning
png_safe_execute
png_image_error
png_check_keyword
